// Jest Snapshot v1, https://goo.gl/fbAQLP

exports[`Component: Label should render 1`] = `
<label
  className="sc-bdnxRM idbduD"
  label="component Label testing"
>
  component Label testing
</label>
`;
